>>> add_integer = __import__('0-add_integer').add_integer

checking for both values be float
>>> add_integer(2.0, 2.0)
4

check case + string
>>> add_integer(1, "2")
Traceback (most recent call last)
    ...
TypeError: b must be an integer

check integer float
>>> add_integer(1, 2.0)
3
check float integer
>>> add_integer(2.0, 1)
3
check both integers
>>> add_integer(1, 1)
2

check type
>>> type(add_integer(2.0, 1))
<class 'int'>

check type 
>>> type(add_integer(2.0, 2.0))
<class int>

check wrong values for a
>>> add_integer("j", 1)
Traceback (most recent call last):
    ...
TypeError: a must be an integer

check wrong values for b
>>> add_integer(1, "j")
Traceback (most recentcall last):
    ...
TypeError: b must be a integer

check negatives values
>>> add_integer(-1, -1)
-2

check for only one value
>>> add_integer(1)
Traceback (most recent call last):
    ...
TypeError: add_integer() miss one requiered argument in position "b"

check for empty
>>> add_integer()
Traceback (most recent call):
    ...
TypeError: add_integer() miss 2 args require to args "a" and "b"
